../Core/Src/main.c:100:6:SD_RdWrTest	16	static
../Core/Src/main.c:121:5:main	24	static
../Core/Src/main.c:195:6:SystemClock_Config	88	static
../Core/Src/main.c:241:13:MX_I2C1_Init	8	static
../Core/Src/main.c:275:13:MX_I2S3_Init	8	static
../Core/Src/main.c:309:6:MX_SPI1_Init	8	static
../Core/Src/main.c:347:13:MX_USART2_UART_Init	8	static
../Core/Src/main.c:378:13:MX_DMA_Init	16	static
../Core/Src/main.c:396:13:MX_GPIO_Init	56	static
../Core/Src/main.c:441:6:Task1	16	static
../Core/Src/main.c:451:6:Task2	16	static
../Core/Src/main.c:462:6:Task3	24	static
../Core/Src/main.c:479:6:HAL_GPIO_EXTI_Callback	24	static,ignoring_inline_asm
../Core/Src/main.c:510:6:HAL_TIM_PeriodElapsedCallback	16	static
../Core/Src/main.c:527:6:Error_Handler	4	static,ignoring_inline_asm
